../Core/Src/main.c:93:6:get_nmea_field	40	static
../Core/Src/main.c:112:9:ESP_SendCommand	576	static
../Core/Src/main.c:147:5:main	128	static
../Core/Src/main.c:230:6:SystemClock_Config	120	static
../Core/Src/main.c:281:13:MX_USART1_UART_Init	8	static
../Core/Src/main.c:329:13:MX_USART3_UART_Init	8	static
../Core/Src/main.c:377:13:MX_USART6_UART_Init	8	static
../Core/Src/main.c:425:13:MX_GPIO_Init	32	static
../Core/Src/main.c:469:6:MPU_Config	24	static
../Core/Src/main.c:500:6:Error_Handler	4	static,ignoring_inline_asm
